<?xml version="1.0" encoding="UTF-8"?>
<testng-results ignored="0" total="4" passed="4" failed="0" skipped="0">
  <reporter-output>
  </reporter-output>
  <suite started-at="2023-11-30T12:21:00 IST" name="Gradle suite" finished-at="2023-11-30T12:21:17 IST" duration-ms="16887">
    <groups>
      <group name="API Tests">
        <method signature="testCase_API_01.Register_Userand_Login()[pri:0, instance:qtriptest.APITests.testCase_API_01@48f278eb]" name="Register_Userand_Login" class="qtriptest.APITests.testCase_API_01"/>
        <method signature="testCase_API_02.VerifySearchAPI()[pri:0, instance:qtriptest.APITests.testCase_API_02@66d3eec0]" name="VerifySearchAPI" class="qtriptest.APITests.testCase_API_02"/>
        <method signature="testCase_API_03.Trip_Reservation()[pri:0, instance:qtriptest.APITests.testCase_API_03@1e04fa0a]" name="Trip_Reservation" class="qtriptest.APITests.testCase_API_03"/>
        <method signature="testCase_API_04.Reregistered_withSameCredential()[pri:0, instance:qtriptest.APITests.testCase_API_04@1af2d44a]" name="Reregistered_withSameCredential" class="qtriptest.APITests.testCase_API_04"/>
      </group> <!-- API Tests -->
    </groups>
    <test started-at="2023-11-30T12:21:00 IST" name="Gradle test" finished-at="2023-11-30T12:21:17 IST" duration-ms="16887">
      <class name="qtriptest.APITests.testCase_API_01">
        <test-method signature="Register_Userand_Login()[pri:0, instance:qtriptest.APITests.testCase_API_01@48f278eb]" started-at="2023-11-30T12:21:00 IST" name="Register_Userand_Login" finished-at="2023-11-30T12:21:07 IST" duration-ms="6837" status="PASS">
          <reporter-output>
          </reporter-output>
        </test-method> <!-- Register_Userand_Login -->
      </class> <!-- qtriptest.APITests.testCase_API_01 -->
      <class name="qtriptest.APITests.testCase_API_02">
        <test-method signature="VerifySearchAPI()[pri:0, instance:qtriptest.APITests.testCase_API_02@66d3eec0]" started-at="2023-11-30T12:21:07 IST" name="VerifySearchAPI" finished-at="2023-11-30T12:21:09 IST" duration-ms="2085" status="PASS">
          <reporter-output>
          </reporter-output>
        </test-method> <!-- VerifySearchAPI -->
      </class> <!-- qtriptest.APITests.testCase_API_02 -->
      <class name="qtriptest.APITests.testCase_API_03">
        <test-method signature="Trip_Reservation()[pri:0, instance:qtriptest.APITests.testCase_API_03@1e04fa0a]" started-at="2023-11-30T12:21:09 IST" name="Trip_Reservation" finished-at="2023-11-30T12:21:15 IST" duration-ms="5243" status="PASS">
          <reporter-output>
          </reporter-output>
        </test-method> <!-- Trip_Reservation -->
      </class> <!-- qtriptest.APITests.testCase_API_03 -->
      <class name="qtriptest.APITests.testCase_API_04">
        <test-method signature="Reregistered_withSameCredential()[pri:0, instance:qtriptest.APITests.testCase_API_04@1af2d44a]" started-at="2023-11-30T12:21:15 IST" name="Reregistered_withSameCredential" finished-at="2023-11-30T12:21:17 IST" duration-ms="2610" status="PASS">
          <reporter-output>
          </reporter-output>
        </test-method> <!-- Reregistered_withSameCredential -->
      </class> <!-- qtriptest.APITests.testCase_API_04 -->
    </test> <!-- Gradle test -->
  </suite> <!-- Gradle suite -->
</testng-results>
